// Jest Snapshot v1, https://goo.gl/fbAQLP

exports[`GenericPopover matches snapshot 1`] = `
<DocumentFragment>
  <button>
    Open Popover
  </button>
  <div
    data-testid="popover"
  />
</DocumentFragment>
`;
