// Jest Snapshot v1, https://goo.gl/fbAQLP

exports[`UserMenuPopover matches snapshot 1`] = `
<div
  class="MuiBox-root css-5tl4eu"
>
  <button
    class="MuiButtonBase-root MuiButton-root MuiButton-text MuiButton-textPrimary MuiButton-sizeMedium MuiButton-textSizeMedium MuiButton-colorPrimary MuiButton-root MuiButton-text MuiButton-textPrimary MuiButton-sizeMedium MuiButton-textSizeMedium MuiButton-colorPrimary css-mf6l92-MuiButtonBase-root-MuiButton-root"
    tabindex="0"
    type="button"
  >
    My Bookings
    <span
      class="MuiTouchRipple-root css-8je8zh-MuiTouchRipple-root"
    />
  </button>
  <button
    class="MuiButtonBase-root MuiButton-root MuiButton-text MuiButton-textPrimary MuiButton-sizeMedium MuiButton-textSizeMedium MuiButton-colorPrimary MuiButton-root MuiButton-text MuiButton-textPrimary MuiButton-sizeMedium MuiButton-textSizeMedium MuiButton-colorPrimary css-mf6l92-MuiButtonBase-root-MuiButton-root"
    tabindex="0"
    type="button"
  >
    Logout
    <span
      class="MuiTouchRipple-root css-8je8zh-MuiTouchRipple-root"
    />
  </button>
</div>
`;
